// Jest Snapshot v1, https://goo.gl/fbAQLP

exports[`Render successfully renders App successfully 1`] = `
<View
  style={
    Object {
      "flex": 1,
    }
  }
>
  <RNCSafeAreaProvider
    onInsetsChange={[Function]}
    style={
      Array [
        Object {
          "flex": 1,
        },
        undefined,
      ]
    }
  >
    <RNSScreenContainer
      onLayout={[Function]}
      style={
        Object {
          "flex": 1,
        }
      }
    >
      <RNSScreen
        activityState={2}
        forwardedRef={[Function]}
        pointerEvents="box-none"
        style={
          Object {
            "bottom": 0,
            "left": 0,
            "position": "absolute",
            "right": 0,
            "top": 0,
          }
        }
      >
        <View
          collapsable={false}
          style={
            Object {
              "opacity": 1,
            }
          }
        />
        <View
          accessibilityElementsHidden={false}
          closing={false}
          gestureVelocityImpact={0.3}
          importantForAccessibility="auto"
          onClose={[Function]}
          onGestureBegin={[Function]}
          onGestureCanceled={[Function]}
          onGestureEnd={[Function]}
          onOpen={[Function]}
          onTransition={[Function]}
          pointerEvents="box-none"
          style={
            Array [
              Object {
                "overflow": undefined,
              },
              Object {
                "bottom": 0,
                "left": 0,
                "position": "absolute",
                "right": 0,
                "top": 0,
              },
            ]
          }
          transitionSpec={
            Object {
              "close": Object {
                "animation": "spring",
                "config": Object {
                  "damping": 500,
                  "mass": 3,
                  "overshootClamping": true,
                  "restDisplacementThreshold": 10,
                  "restSpeedThreshold": 10,
                  "stiffness": 1000,
                },
              },
              "open": Object {
                "animation": "spring",
                "config": Object {
                  "damping": 500,
                  "mass": 3,
                  "overshootClamping": true,
                  "restDisplacementThreshold": 10,
                  "restSpeedThreshold": 10,
                  "stiffness": 1000,
                },
              },
            }
          }
        >
          <View
            needsOffscreenAlphaCompositing={false}
            pointerEvents="box-none"
            style={
              Object {
                "flex": 1,
              }
            }
          >
            <View
              collapsable={false}
              forwardedRef={[Function]}
              onGestureHandlerEvent={[Function]}
              onGestureHandlerStateChange={[Function]}
              style={
                Object {
                  "flex": 1,
                  "transform": Array [
                    Object {
                      "translateX": 0,
                    },
                    Object {
                      "translateX": 0,
                    },
                  ],
                }
              }
            >
              <View
                pointerEvents="none"
                style={
                  Object {
                    "backgroundColor": "#FFFFFF",
                    "bottom": 0,
                    "left": 0,
                    "position": "absolute",
                    "shadowColor": "#000",
                    "shadowOffset": Object {
                      "height": 1,
                      "width": -1,
                    },
                    "shadowOpacity": 0.3,
                    "shadowRadius": 5,
                    "top": 0,
                    "width": 3,
                  }
                }
              />
              <View
                style={
                  Array [
                    Object {
                      "flex": 1,
                      "overflow": "hidden",
                    },
                    Array [
                      Object {
                        "backgroundColor": "rgb(242, 242, 242)",
                      },
                      Object {
                        "backgroundColor": "#FFFFFF",
                      },
                    ],
                  ]
                }
              >
                <View
                  style={
                    Object {
                      "flex": 1,
                      "flexDirection": "column-reverse",
                    }
                  }
                >
                  <View
                    style={
                      Object {
                        "flex": 1,
                      }
                    }
                  >
                    <RCTSafeAreaView
                      emulateUnlessSupported={true}
                      style={
                        Object {
                          "flex": 1,
                        }
                      }
                    >
                      <View
                        style={
                          Object {
                            "alignItems": "center",
                            "flex": 1,
                            "justifyContent": "space-around",
                            "paddingHorizontal": 20,
                          }
                        }
                      >
                        <Text
                          style={
                            Object {
                              "color": "#52665A",
                              "fontFamily": "Jost-SemiBold",
                              "fontSize": 28,
                              "fontWeight": "bold",
                              "lineHeight": 34,
                              "marginTop": 38,
                              "textAlign": "center",
                            }
                          }
                        >
                          Gerencie
                          

                           suas plantas de
                          

                           forma fácil
                        </Text>
                        <Image
                          resizeMode="contain"
                          source={
                            Object {
                              "testUri": "../../../src/assets/watering.png",
                            }
                          }
                          style={
                            Object {
                              "height": 525,
                            }
                          }
                        />
                        <Text
                          style={
                            Object {
                              "color": "#52665A",
                              "fontFamily": "Jost-Regular",
                              "fontSize": 18,
                              "paddingHorizontal": 20,
                              "textAlign": "center",
                            }
                          }
                        >
                          Não esqueça mais de regar suas plantas. Nós cuidamos de lembrar você sempre que precisar
                        </Text>
                        <View
                          accessible={true}
                          focusable={true}
                          onClick={[Function]}
                          onResponderGrant={[Function]}
                          onResponderMove={[Function]}
                          onResponderRelease={[Function]}
                          onResponderTerminate={[Function]}
                          onResponderTerminationRequest={[Function]}
                          onStartShouldSetResponder={[Function]}
                          style={
                            Object {
                              "alignItems": "center",
                              "backgroundColor": "#32B768",
                              "borderRadius": 16,
                              "height": 56,
                              "justifyContent": "center",
                              "marginBottom": 10,
                              "opacity": 1,
                              "width": 56,
                            }
                          }
                        >
                          <Text
                            allowFontScaling={false}
                            style={
                              Array [
                                Object {
                                  "color": undefined,
                                  "fontSize": 12,
                                },
                                Object {
                                  "color": "#FFFFFF",
                                  "fontSize": 32,
                                },
                                Object {
                                  "fontFamily": "Feather",
                                  "fontStyle": "normal",
                                  "fontWeight": "normal",
                                },
                                Object {},
                              ]
                            }
                          >
                            
                          </Text>
                        </View>
                      </View>
                    </RCTSafeAreaView>
                  </View>
                </View>
              </View>
            </View>
          </View>
        </View>
      </RNSScreen>
    </RNSScreenContainer>
  </RNCSafeAreaProvider>
</View>
`;
