// Jest Snapshot v1, https://goo.gl/fbAQLP

exports[`Render successfully renders Confirmation-Screen successfully 1`] = `
<RCTSafeAreaView
  emulateUnlessSupported={true}
  style={
    Object {
      "alignItems": "center",
      "flex": 1,
      "justifyContent": "space-around",
    }
  }
>
  <View
    style={
      Object {
        "alignItems": "center",
        "flex": 1,
        "justifyContent": "center",
        "padding": 30,
        "width": "100%",
      }
    }
  >
    <Text
      style={
        Object {
          "fontSize": 78,
          "paddingLeft": 18,
        }
      }
    >
      ðŸ˜Š 
    </Text>
    <Text
      style={
        Object {
          "color": "#52665A",
          "fontFamily": "Jost-SemiBold",
          "fontSize": 22,
          "lineHeight": 38,
          "marginTop": 15,
          "textAlign": "center",
        }
      }
    >
      Prontinho
    </Text>
    <Text
      style={
        Object {
          "color": "#52665A",
          "fontFamily": "Jost-Regular",
          "fontSize": 17,
          "paddingVertical": 20,
          "textAlign": "center",
        }
      }
    >
      Agora vamos comeÃ§ar a cuidar de suas plantinhas com muito cuidado.
    </Text>
    <View
      style={
        Object {
          "marginTop": 20,
          "paddingHorizontal": 50,
          "width": "100%",
        }
      }
    >
      <View>
        <View
          accessible={true}
          focusable={false}
          onClick={[Function]}
          onResponderGrant={[Function]}
          onResponderMove={[Function]}
          onResponderRelease={[Function]}
          onResponderTerminate={[Function]}
          onResponderTerminationRequest={[Function]}
          onStartShouldSetResponder={[Function]}
          style={
            Object {
              "alignItems": "center",
              "backgroundColor": "#32B768",
              "borderRadius": 16,
              "height": 56,
              "justifyContent": "center",
              "opacity": 1,
            }
          }
        >
          <Text
            style={
              Object {
                "color": "#FFFFFF",
                "fontSize": 16,
              }
            }
          >
            ProxÃ­mo
          </Text>
        </View>
      </View>
    </View>
  </View>
</RCTSafeAreaView>
`;
