// Jest Snapshot v1, https://goo.gl/fbAQLP

exports[`Render successfully renders Welcome-Screen successfully 1`] = `
<RCTSafeAreaView
  emulateUnlessSupported={true}
  style={
    Object {
      "flex": 1,
    }
  }
>
  <View
    style={
      Object {
        "alignItems": "center",
        "flex": 1,
        "justifyContent": "space-around",
        "paddingHorizontal": 20,
      }
    }
  >
    <Text
      style={
        Object {
          "color": "#52665A",
          "fontFamily": "Jost-SemiBold",
          "fontSize": 28,
          "fontWeight": "bold",
          "lineHeight": 34,
          "marginTop": 38,
          "textAlign": "center",
        }
      }
    >
      Gerencie
      

       suas plantas de
      

       forma fácil
    </Text>
    <Image
      resizeMode="contain"
      source={
        Object {
          "testUri": "../../../src/assets/watering.png",
        }
      }
      style={
        Object {
          "height": 525,
        }
      }
    />
    <Text
      style={
        Object {
          "color": "#52665A",
          "fontFamily": "Jost-Regular",
          "fontSize": 18,
          "paddingHorizontal": 20,
          "textAlign": "center",
        }
      }
    >
      Não esqueça mais de regar suas plantas. Nós cuidamos de lembrar você sempre que precisar
    </Text>
    <View
      accessible={true}
      focusable={true}
      onClick={[Function]}
      onResponderGrant={[Function]}
      onResponderMove={[Function]}
      onResponderRelease={[Function]}
      onResponderTerminate={[Function]}
      onResponderTerminationRequest={[Function]}
      onStartShouldSetResponder={[Function]}
      style={
        Object {
          "alignItems": "center",
          "backgroundColor": "#32B768",
          "borderRadius": 16,
          "height": 56,
          "justifyContent": "center",
          "marginBottom": 10,
          "opacity": 1,
          "width": 56,
        }
      }
    >
      <Text
        allowFontScaling={false}
        style={
          Array [
            Object {
              "color": undefined,
              "fontSize": 12,
            },
            Object {
              "color": "#FFFFFF",
              "fontSize": 32,
            },
            Object {
              "fontFamily": "Feather",
              "fontStyle": "normal",
              "fontWeight": "normal",
            },
            Object {},
          ]
        }
      >
        
      </Text>
    </View>
  </View>
</RCTSafeAreaView>
`;
