// Jest Snapshot v1, https://goo.gl/fbAQLP

exports[`Render successfully renders UserIdentification-Screen successfully 1`] = `
<RCTSafeAreaView
  emulateUnlessSupported={true}
  style={
    Object {
      "alignItems": "center",
      "flex": 1,
      "justifyContent": "center",
      "width": "100%",
    }
  }
>
  <View
    onLayout={[Function]}
    style={
      Array [
        Object {
          "alignItems": "center",
          "flex": 1,
          "justifyContent": "center",
          "width": "100%",
        },
        Object {
          "paddingBottom": 0,
        },
      ]
    }
  >
    <View
      accessible={true}
      focusable={true}
      onClick={[Function]}
      onResponderGrant={[Function]}
      onResponderMove={[Function]}
      onResponderRelease={[Function]}
      onResponderTerminate={[Function]}
      onResponderTerminationRequest={[Function]}
      onStartShouldSetResponder={[Function]}
      style={
        Object {
          "flex": 1,
          "width": "100%",
        }
      }
    >
      <View
        style={
          Object {
            "alignItems": "center",
            "flex": 1,
            "justifyContent": "center",
            "paddingHorizontal": 54,
          }
        }
      >
        <View
          style={
            Object {
              "alignItems": "center",
            }
          }
        >
          <Text
            style={
              Object {
                "fontSize": 44,
              }
            }
          >
            ðŸ‘€
          </Text>
          <Text
            style={
              Object {
                "color": "#52665A",
                "fontFamily": "Jost-SemiBold",
                "fontSize": 24,
                "lineHeight": 32,
                "marginTop": 20,
                "textAlign": "center",
              }
            }
          >
            Como podemos 
            

            chamar vocÃª?
          </Text>
        </View>
        <TextInput
          allowFontScaling={true}
          onBlur={[Function]}
          onChangeText={[Function]}
          onFocus={[Function]}
          placeholder="Digite um nome"
          rejectResponderTermination={true}
          style={
            Array [
              Object {
                "borderBottomWidth": 1,
                "borderColor": "#CFCFCF",
                "color": "#52665A",
                "fontSize": 18,
                "marginTop": 50,
                "padding": 10,
                "textAlign": "center",
                "width": "100%",
              },
              false,
            ]
          }
          underlineColorAndroid="transparent"
        />
        <View
          style={
            Object {
              "marginTop": 40,
              "paddingHorizontal": 20,
              "width": "100%",
            }
          }
        >
          <View>
            <View
              accessible={true}
              focusable={true}
              onClick={[Function]}
              onResponderGrant={[Function]}
              onResponderMove={[Function]}
              onResponderRelease={[Function]}
              onResponderTerminate={[Function]}
              onResponderTerminationRequest={[Function]}
              onStartShouldSetResponder={[Function]}
              style={
                Object {
                  "alignItems": "center",
                  "backgroundColor": "#32B768",
                  "borderRadius": 16,
                  "height": 56,
                  "justifyContent": "center",
                  "opacity": 1,
                }
              }
            >
              <Text
                style={
                  Object {
                    "color": "#FFFFFF",
                    "fontSize": 16,
                  }
                }
              >
                Confirmar
              </Text>
            </View>
          </View>
        </View>
      </View>
    </View>
  </View>
</RCTSafeAreaView>
`;
